python : Traceback 
(most recent call 
last):
At line:1 char:1
+ python 
tests/test_flow.py > 
test_output.txt 2>&1
+ ~~~~~~~~~~~~~~~~~~~
~~~~~~~~~~~~~~~~~~~~~
~~~~~~~~
    + CategoryInfo   
           : 
NotSpecified: (T    
raceback (most 
recent     call 
last)::String)     
[], RemoteException
    + 
FullyQualifiedError  
  Id : 
NativeCommandErr    
or
 
  File "D:\VayuAi-YCH
\tests\test_flow.py",
 line 12, in <module>
    from core.decisio
n_engine.orchestrator
 import 
DecisionOrchestrator
  File "D:\VayuAi-YCH
\core\decision_engine
\orchestrator.py", 
line 22, in <module>
    from 
blockchain.logger 
import 
BlockchainLogger
  File "D:\VayuAi-YCH
\blockchain\logger.py
", line 23, in 
<module>
    class 
BlockchainLogger:
  File "D:\VayuAi-YCH
\blockchain\logger.py
", line 109, in 
BlockchainLogger
    prediction: Optio
nal[SmokePrediction] 
= None
                     
    ^^^^^^^^^^^^^^^
NameError: name 
'SmokePrediction' is 
not defined
